127.0.0.1 - - [02/May/2016:22:11:28 +0800] "GET /assets/aa927304/css/font-awesome.min.css HTTP/1.1" 200 27466
127.0.0.1 - - [02/May/2016:22:11:28 +0800] "GET /assets/aa927304/css/font-awesome.min.css HTTP/1.1" 200 27466
127.0.0.1 - - [02/May/2016:22:11:28 +0800] "GET /assets/aa927304/css/font-awesome.min.css HTTP/1.1" 200 27466
127.0.0.1 - - [02/May/2016:22:11:28 +0800] "GET /assets/aa927304/css/font-awesome.min.css HTTP/1.1" 200 27466
127.0.0.1 - - [02/May/2016:22:11:28 +0800] "GET /assets/aa927304/css/font-awesome.min.css HTTP/1.1" 200 27466
127.0.0.1 - - [02/May/2016:22:11:28 +0800] "GET /assets/aa927304/css/font-awesome.min.css HTTP/1.1" 200 27466
115.72.77.179 - - [19/April/2016:10:11:08 +0800] "GET /assets/aa927304/css/font-awesome.min.css HTTP/1.1" 404 20771
115.58.214.31 - - [05/March/2017:19:11:28 +0800] "GET /assets/aa927304/css/font-awesome.min.css HTTP/1.1" 302 20771
115.72.77.179 - - [02/May/2016:22:11:28 +0800] "GET /assets/aa927304/css/font-awesome.min.css HTTP/1.1" 201 20771
172.17.119.24 - - [03/June/2015:22:11:28 +0800] "GET /assets/aa927304/css/font-awesome.min.css HTTP/1.1" 302 27466
172.17.119.24 - - [05/March/2017:19:11:28 +0800] "GET /assets/aa927304/css/font-awesome.min.css HTTP/1.1" 302 52421
172.17.119.24 - - [05/March/2017:19:11:28 +0800] "GET /assets/aa927304/css/font-awesome.min.css HTTP/1.1" 304 27466
192.168.71.13 - - [05/March/2017:19:11:28 +0800] "GET /assets/aa927304/css/font-awesome.min.css HTTP/1.1" 404 90001
192.168.71.13 - - [02/May/2017:22:11:28 +0800] "GET /assets/aa927304/css/font-awesome.min.css HTTP/1.1" 200 12700
10.115.134.59 - - [19/April/2016:10:11:08 +0800] "GET /assets/aa927304/css/font-awesome.min.css HTTP/1.1" 201 20771
115.72.77.179 - - [03/June/2015:22:11:28 +0800] "GET /assets/aa927304/css/font-awesome.min.css HTTP/1.1" 302 12700
172.17.119.24 - - [03/June/2015:22:11:28 +0800] "GET /assets/aa927304/css/font-awesome.min.css HTTP/1.1" 201 90001
115.72.77.179 - - [03/June/2015:22:11:28 +0800] "GET /assets/aa927304/css/font-awesome.min.css HTTP/1.1" 404 12700
192.168.71.13 - - [02/May/2017:22:11:28 +0800] "GET /assets/aa927304/css/font-awesome.min.css HTTP/1.1" 404 20771
10.115.134.59 - - [05/March/2017:19:11:28 +0800] "GET /assets/aa927304/css/font-awesome.min.css HTTP/1.1" 200 52421
115.72.77.179 - - [05/March/2017:19:11:28 +0800] "GET /assets/aa927304/css/font-awesome.min.css HTTP/1.1" 304 27466
172.17.119.24 - - [03/June/2015:22:11:28 +0800] "GET /assets/aa927304/css/font-awesome.min.css HTTP/1.1" 200 12700
115.72.77.179 - - [19/April/2016:10:11:08 +0800] "GET /assets/aa927304/css/font-awesome.min.css HTTP/1.1" 302 12700
115.58.214.31 - - [02/May/2017:22:11:28 +0800] "GET /assets/aa927304/css/font-awesome.min.css HTTP/1.1" 304 90001
172.17.119.24 - - [05/March/2017:19:11:28 +0800] "GET /assets/aa927304/css/font-awesome.min.css HTTP/1.1" 200 12700
115.72.77.179 - - [03/June/2015:22:11:28 +0800] "GET /assets/aa927304/css/font-awesome.min.css HTTP/1.1" 404 27466
172.17.119.24 - - [03/June/2015:22:11:28 +0800] "GET /assets/aa927304/css/font-awesome.min.css HTTP/1.1" 201 52421
115.72.77.179 - - [02/May/2017:22:11:28 +0800] "GET /assets/aa927304/css/font-awesome.min.css HTTP/1.1" 200 27466
115.58.214.31 - - [02/May/2017:22:11:28 +0800] "GET /assets/aa927304/css/font-awesome.min.css HTTP/1.1" 201 90001
115.72.77.179 - - [19/April/2016:10:11:08 +0800] "GET /assets/aa927304/css/font-awesome.min.css HTTP/1.1" 304 52421
10.115.134.59 - - [03/June/2015:22:11:28 +0800] "GET /assets/aa927304/css/font-awesome.min.css HTTP/1.1" 404 12700
115.72.77.179 - - [03/June/2015:22:11:28 +0800] "GET /assets/aa927304/css/font-awesome.min.css HTTP/1.1" 302 27466
115.58.214.31 - - [03/June/2015:22:11:28 +0800] "GET /assets/aa927304/css/font-awesome.min.css HTTP/1.1" 200 90001
192.168.71.13 - - [05/March/2017:19:11:28 +0800] "GET /assets/aa927304/css/font-awesome.min.css HTTP/1.1" 302 12700
115.58.214.31 - - [05/March/2017:19:11:28 +0800] "GET /assets/aa927304/css/font-awesome.min.css HTTP/1.1" 302 52421
115.72.77.179 - - [02/May/2017:22:11:28 +0800] "GET /assets/aa927304/css/font-awesome.min.css HTTP/1.1" 304 12700
192.168.71.13 - - [19/April/2016:10:11:08 +0800] "GET /assets/aa927304/css/font-awesome.min.css HTTP/1.1" 404 27466
115.72.77.179 - - [05/March/2017:19:11:28 +0800] "GET /assets/aa927304/css/font-awesome.min.css HTTP/1.1" 302 12700
172.17.119.24 - - [19/April/2016:10:11:08 +0800] "GET /assets/aa927304/css/font-awesome.min.css HTTP/1.1" 200 12700
115.58.214.31 - - [05/March/2017:19:11:28 +0800] "GET /assets/aa927304/css/font-awesome.min.css HTTP/1.1" 302 27466
192.168.71.13 - - [03/June/2015:22:11:28 +0800] "GET /assets/aa927304/css/font-awesome.min.css HTTP/1.1" 404 52421
10.115.134.59 - - [19/April/2016:10:11:08 +0800] "GET /assets/aa927304/css/font-awesome.min.css HTTP/1.1" 304 20771
192.168.71.13 - - [05/March/2017:19:11:28 +0800] "GET /assets/aa927304/css/font-awesome.min.css HTTP/1.1" 404 20771
172.17.119.24 - - [02/May/2017:22:11:28 +0800] "GET /assets/aa927304/css/font-awesome.min.css HTTP/1.1" 304 90001
115.58.214.31 - - [03/June/2015:22:11:28 +0800] "GET /assets/aa927304/css/font-awesome.min.css HTTP/1.1" 201 90001
192.168.71.13 - - [03/June/2015:22:11:28 +0800] "GET /assets/aa927304/css/font-awesome.min.css HTTP/1.1" 302 12700
172.17.119.24 - - [02/May/2016:22:11:28 +0800] "GET /assets/aa927304/css/font-awesome.min.css HTTP/1.1" 304 27466
172.17.119.24 - - [30/March/2017:10:11:08 +0800] "GET /assets/aa927304/css/font-awesome.min.css HTTP/1.1" 201 12700
115.58.214.31 - - [02/May/2016:22:11:28 +0800] "GET /assets/aa927304/css/font-awesome.min.css HTTP/1.1" 304 52421
172.17.119.24 - - [03/June/2015:22:11:28 +0800] "GET /assets/aa927304/css/font-awesome.min.css HTTP/1.1" 304 90001
172.17.119.24 - - [02/May/2017:22:11:28 +0800] "GET /assets/aa927304/css/font-awesome.min.css HTTP/1.1" 201 52421
10.115.134.59 - - [05/March/2017:19:11:28 +0800] "GET /assets/aa927304/css/font-awesome.min.css HTTP/1.1" 404 52421
172.17.119.24 - - [02/May/2017:22:11:28 +0800] "GET /assets/aa927304/css/font-awesome.min.css HTTP/1.1" 200 27466
115.58.214.31 - - [02/May/2017:22:11:28 +0800] "GET /assets/aa927304/css/font-awesome.min.css HTTP/1.1" 200 52421
172.17.119.24 - - [05/March/2017:19:11:28 +0800] "GET /assets/aa927304/css/font-awesome.min.css HTTP/1.1" 404 20771
115.72.77.179 - - [02/May/2017:22:11:28 +0800] "GET /assets/aa927304/css/font-awesome.min.css HTTP/1.1" 304 52421
115.58.214.31 - - [02/May/2016:22:11:28 +0800] "GET /assets/aa927304/css/font-awesome.min.css HTTP/1.1" 404 12700
10.115.134.59 - - [02/May/2016:22:11:28 +0800] "GET /assets/aa927304/css/font-awesome.min.css HTTP/1.1" 304 27466
115.58.214.31 - - [30/March/2017:10:11:08 +0800] "GET /assets/aa927304/css/font-awesome.min.css HTTP/1.1" 404 90001
115.72.77.179 - - [30/March/2017:10:11:08 +0800] "GET /assets/aa927304/css/font-awesome.min.css HTTP/1.1" 404 12700
115.58.214.31 - - [03/June/2015:22:11:28 +0800] "GET /assets/aa927304/css/font-awesome.min.css HTTP/1.1" 404 52421
192.168.71.13 - - [05/March/2017:19:11:28 +0800] "GET /assets/aa927304/css/font-awesome.min.css HTTP/1.1" 201 52421
172.17.119.24 - - [03/June/2015:22:11:28 +0800] "GET /assets/aa927304/css/font-awesome.min.css HTTP/1.1" 404 12700
115.72.77.179 - - [05/March/2017:19:11:28 +0800] "GET /assets/aa927304/css/font-awesome.min.css HTTP/1.1" 302 12700
115.58.214.31 - - [02/May/2016:22:11:28 +0800] "GET /assets/aa927304/css/font-awesome.min.css HTTP/1.1" 304 20771
115.58.214.31 - - [30/March/2017:10:11:08 +0800] "GET /assets/aa927304/css/font-awesome.min.css HTTP/1.1" 201 20771
10.115.134.59 - - [05/March/2017:19:11:28 +0800] "GET /assets/aa927304/css/font-awesome.min.css HTTP/1.1" 302 27466
10.115.134.59 - - [02/May/2017:22:11:28 +0800] "GET /assets/aa927304/css/font-awesome.min.css HTTP/1.1" 302 20771
192.168.71.13 - - [05/March/2017:19:11:28 +0800] "GET /assets/aa927304/css/font-awesome.min.css HTTP/1.1" 304 90001
115.72.77.179 - - [02/May/2017:22:11:28 +0800] "GET /assets/aa927304/css/font-awesome.min.css HTTP/1.1" 404 27466
115.58.214.31 - - [02/May/2017:22:11:28 +0800] "GET /assets/aa927304/css/font-awesome.min.css HTTP/1.1" 404 52421
115.58.214.31 - - [05/March/2017:19:11:28 +0800] "GET /assets/aa927304/css/font-awesome.min.css HTTP/1.1" 404 12700
10.115.134.59 - - [30/March/2017:10:11:08 +0800] "GET /assets/aa927304/css/font-awesome.min.css HTTP/1.1" 302 12700
172.17.119.24 - - [02/May/2016:22:11:28 +0800] "GET /assets/aa927304/css/font-awesome.min.css HTTP/1.1" 201 12700
192.168.71.13 - - [02/May/2016:22:11:28 +0800] "GET /assets/aa927304/css/font-awesome.min.css HTTP/1.1" 201 52421
192.168.71.13 - - [05/March/2017:19:11:28 +0800] "GET /assets/aa927304/css/font-awesome.min.css HTTP/1.1" 404 90001
115.72.77.179 - - [02/May/2017:22:11:28 +0800] "GET /assets/aa927304/css/font-awesome.min.css HTTP/1.1" 302 90001
115.58.214.31 - - [05/March/2017:19:11:28 +0800] "GET /assets/aa927304/css/font-awesome.min.css HTTP/1.1" 201 20771
172.17.119.24 - - [30/March/2017:10:11:08 +0800] "GET /assets/aa927304/css/font-awesome.min.css HTTP/1.1" 304 12700
192.168.71.13 - - [05/March/2017:19:11:28 +0800] "GET /assets/aa927304/css/font-awesome.min.css HTTP/1.1" 304 27466
115.72.77.179 - - [31/March/2017:10:11:08 +0800] "GET /assets/aa927304/css/font-awesome.min.css HTTP/1.1" 404 52421
115.72.77.179 - - [30/March/2017:22:11:28 +0800] "GET /assets/aa927304/css/font-awesome.min.css HTTP/1.1" 201 12700
10.115.134.59 - - [30/March/2017:22:11:28 +0800] "GET /assets/aa927304/css/font-awesome.min.css HTTP/1.1" 404 20771
192.168.71.13 - - [30/March/2017:22:11:28 +0800] "GET /assets/aa927304/css/font-awesome.min.css HTTP/1.1" 200 20771
115.72.77.179 - - [25/March/2017:19:11:28 +0800] "GET /assets/aa927304/css/font-awesome.min.css HTTP/1.1" 404 90001
172.17.119.24 - - [31/March/2017:10:11:08 +0800] "GET /assets/aa927304/css/font-awesome.min.css HTTP/1.1" 404 27466
172.17.119.24 - - [27/March/2017:22:11:28 +0800] "GET /assets/aa927304/css/font-awesome.min.css HTTP/1.1" 404 90001
10.115.134.59 - - [31/March/2017:10:11:08 +0800] "GET /assets/aa927304/css/font-awesome.min.css HTTP/1.1" 201 90001
192.168.71.13 - - [30/March/2017:22:11:28 +0800] "GET /assets/aa927304/css/font-awesome.min.css HTTP/1.1" 201 90001
115.72.77.179 - - [31/March/2017:10:11:08 +0800] "GET /assets/aa927304/css/font-awesome.min.css HTTP/1.1" 304 52421
172.17.119.24 - - [27/March/2017:22:11:28 +0800] "GET /assets/aa927304/css/font-awesome.min.css HTTP/1.1" 404 20771
115.72.77.179 - - [30/March/2017:22:11:28 +0800] "GET /assets/aa927304/css/font-awesome.min.css HTTP/1.1" 200 27466
115.58.214.31 - - [30/March/2017:22:11:28 +0800] "GET /assets/aa927304/css/font-awesome.min.css HTTP/1.1" 201 12700
115.72.77.179 - - [30/March/2017:22:11:28 +0800] "GET /assets/aa927304/css/font-awesome.min.css HTTP/1.1" 201 27466
115.72.77.179 - - [27/March/2017:22:11:28 +0800] "GET /assets/aa927304/css/font-awesome.min.css HTTP/1.1" 200 90001
115.72.77.179 - - [30/March/2017:22:11:28 +0800] "GET /assets/aa927304/css/font-awesome.min.css HTTP/1.1" 404 27466
10.115.134.59 - - [31/March/2017:10:11:08 +0800] "GET /assets/aa927304/css/font-awesome.min.css HTTP/1.1" 302 90001
115.58.214.31 - - [30/March/2017:22:11:28 +0800] "GET /assets/aa927304/css/font-awesome.min.css HTTP/1.1" 302 27466
115.58.214.31 - - [31/March/2017:10:11:08 +0800] "GET /assets/aa927304/css/font-awesome.min.css HTTP/1.1" 404 52421
192.168.71.13 - - [30/March/2017:22:11:28 +0800] "GET /assets/aa927304/css/font-awesome.min.css HTTP/1.1" 200 12700
10.115.134.59 - - [31/March/2017:10:11:08 +0800] "GET /assets/aa927304/css/font-awesome.min.css HTTP/1.1" 200 20771
115.58.214.31 - - [31/March/2017:10:11:08 +0800] "GET /assets/aa927304/css/font-awesome.min.css HTTP/1.1" 404 90001
192.168.71.13 - - [30/March/2017:22:11:28 +0800] "GET /assets/aa927304/css/font-awesome.min.css HTTP/1.1" 201 27466
115.72.77.179 - - [30/March/2017:22:11:28 +0800] "GET /assets/aa927304/css/font-awesome.min.css HTTP/1.1" 304 90001
172.17.119.24 - - [27/March/2017:22:11:28 +0800] "GET /assets/aa927304/css/font-awesome.min.css HTTP/1.1" 404 27466
192.168.71.13 - - [30/March/2017:22:11:28 +0800] "GET /assets/aa927304/css/font-awesome.min.css HTTP/1.1" 304 27466
172.17.119.24 - - [27/March/2017:22:11:28 +0800] "GET /assets/aa927304/css/font-awesome.min.css HTTP/1.1" 304 52421
10.115.134.59 - - [27/March/2017:22:11:28 +0800] "GET /assets/aa927304/css/font-awesome.min.css HTTP/1.1" 304 20771
115.58.214.31 - - [30/March/2017:22:11:28 +0800] "GET /assets/aa927304/css/font-awesome.min.css HTTP/1.1" 200 27466
192.168.71.13 - - [30/March/2017:22:11:28 +0800] "GET /assets/aa927304/css/font-awesome.min.css HTTP/1.1" 404 20771
10.115.134.59 - - [30/March/2017:22:11:28 +0800] "GET /assets/aa927304/css/font-awesome.min.css HTTP/1.1" 200 20771
115.72.77.179 - - [30/March/2017:22:11:28 +0800] "GET /assets/aa927304/css/font-awesome.min.css HTTP/1.1" 304 20771
172.17.119.24 - - [30/March/2017:22:11:28 +0800] "GET /assets/aa927304/css/font-awesome.min.css HTTP/1.1" 304 52421
115.72.77.179 - - [30/March/2017:22:11:28 +0800] "GET /assets/aa927304/css/font-awesome.min.css HTTP/1.1" 304 12700
10.115.134.59 - - [31/March/2017:10:11:08 +0800] "GET /assets/aa927304/css/font-awesome.min.css HTTP/1.1" 200 12700
115.72.77.179 - - [27/March/2017:22:11:28 +0800] "GET /assets/aa927304/css/font-awesome.min.css HTTP/1.1" 304 27466
192.168.71.13 - - [31/March/2017:10:11:08 +0800] "GET /assets/aa927304/css/font-awesome.min.css HTTP/1.1" 302 20771
192.168.71.13 - - [27/March/2017:22:11:28 +0800] "GET /assets/aa927304/css/font-awesome.min.css HTTP/1.1" 302 27466
172.17.119.24 - - [27/March/2017:22:11:28 +0800] "GET /assets/aa927304/css/font-awesome.min.css HTTP/1.1" 200 12700
115.58.214.31 - - [31/March/2017:10:11:08 +0800] "GET /assets/aa927304/css/font-awesome.min.css HTTP/1.1" 201 20771
172.17.119.24 - - [27/March/2017:22:11:28 +0800] "GET /assets/aa927304/css/font-awesome.min.css HTTP/1.1" 304 12700
172.17.119.24 - - [31/March/2017:10:11:08 +0800] "GET /assets/aa927304/css/font-awesome.min.css HTTP/1.1" 404 52421
10.115.134.59 - - [30/March/2017:22:11:28 +0800] "GET /assets/aa927304/css/font-awesome.min.css HTTP/1.1" 302 52421
115.58.214.31 - - [27/March/2017:22:11:28 +0800] "GET /assets/aa927304/css/font-awesome.min.css HTTP/1.1" 201 52421
10.115.134.59 - - [31/March/2017:10:11:08 +0800] "GET /assets/aa927304/css/font-awesome.min.css HTTP/1.1" 302 20771
115.72.77.179 - - [27/March/2017:22:11:28 +0800] "GET /assets/aa927304/css/font-awesome.min.css HTTP/1.1" 201 27466
172.17.119.24 - - [30/March/2017:22:11:28 +0800] "GET /assets/aa927304/css/font-awesome.min.css HTTP/1.1" 201 27466
115.72.77.179 - - [27/March/2017:22:11:28 +0800] "GET /assets/aa927304/css/font-awesome.min.css HTTP/1.1" 304 20771
172.17.119.24 - - [30/March/2017:22:11:28 +0800] "GET /assets/aa927304/css/font-awesome.min.css HTTP/1.1" 201 52421
115.58.214.31 - - [27/March/2017:22:11:28 +0800] "GET /assets/aa927304/css/font-awesome.min.css HTTP/1.1" 404 20771
172.17.119.24 - - [27/March/2017:22:11:28 +0800] "GET /assets/aa927304/css/font-awesome.min.css HTTP/1.1" 302 27466
172.17.119.24 - - [30/March/2017:22:11:28 +0800] "GET /assets/aa927304/css/font-awesome.min.css HTTP/1.1" 302 27466
115.58.214.31 - - [31/March/2017:10:11:08 +0800] "GET /assets/aa927304/css/font-awesome.min.css HTTP/1.1" 201 12700
192.168.71.13 - - [27/March/2017:22:11:28 +0800] "GET /assets/aa927304/css/font-awesome.min.css HTTP/1.1" 200 52421
172.17.119.24 - - [30/March/2017:22:11:28 +0800] "GET /assets/aa927304/css/font-awesome.min.css HTTP/1.1" 304 52421
115.72.77.179 - - [30/March/2017:22:11:28 +0800] "GET /assets/aa927304/css/font-awesome.min.css HTTP/1.1" 404 52421
192.168.71.13 - - [27/March/2017:22:11:28 +0800] "GET /assets/aa927304/css/font-awesome.min.css HTTP/1.1" 404 27466
172.17.119.24 - - [31/March/2017:10:11:08 +0800] "GET /assets/aa927304/css/font-awesome.min.css HTTP/1.1" 201 90001
10.115.134.59 - - [31/March/2017:10:11:08 +0800] "GET /assets/aa927304/css/font-awesome.min.css HTTP/1.1" 200 27466
115.58.214.31 - - [27/March/2017:22:11:28 +0800] "GET /assets/aa927304/css/font-awesome.min.css HTTP/1.1" 200 20771
10.115.134.59 - - [30/March/2017:22:11:28 +0800] "GET /assets/aa927304/css/font-awesome.min.css HTTP/1.1" 200 20771
192.168.71.13 - - [27/March/2017:22:11:28 +0800] "GET /assets/aa927304/css/font-awesome.min.css HTTP/1.1" 200 12700
115.58.214.31 - - [30/March/2017:22:11:28 +0800] "GET /assets/aa927304/css/font-awesome.min.css HTTP/1.1" 302 12700
172.17.119.24 - - [25/March/2017:19:11:28 +0800] "GET /assets/aa927304/css/font-awesome.min.css HTTP/1.1" 404 20771
172.17.119.24 - - [25/March/2017:19:11:28 +0800] "GET /assets/aa927304/css/font-awesome.min.css HTTP/1.1" 304 20771
172.17.119.24 - - [25/March/2017:19:11:28 +0800] "GET /assets/aa927304/css/font-awesome.min.css HTTP/1.1" 302 20771
172.17.119.24 - - [31/March/2017:10:11:08 +0800] "GET /assets/aa927304/css/font-awesome.min.css HTTP/1.1" 201 12700
115.72.77.179 - - [30/March/2017:22:11:28 +0800] "GET /assets/aa927304/css/font-awesome.min.css HTTP/1.1" 404 12700
115.58.214.31 - - [30/March/2017:22:11:28 +0800] "GET /assets/aa927304/css/font-awesome.min.css HTTP/1.1" 302 12700
10.115.134.59 - - [25/March/2017:19:11:28 +0800] "GET /assets/aa927304/css/font-awesome.min.css HTTP/1.1" 304 90001
115.58.214.31 - - [25/March/2017:19:11:28 +0800] "GET /assets/aa927304/css/font-awesome.min.css HTTP/1.1" 304 90001
115.58.214.31 - - [30/March/2017:22:11:28 +0800] "GET /assets/aa927304/css/font-awesome.min.css HTTP/1.1" 302 20771
115.58.214.31 - - [27/March/2017:22:11:28 +0800] "GET /assets/aa927304/css/font-awesome.min.css HTTP/1.1" 304 52421
10.115.134.59 - - [30/March/2017:22:11:28 +0800] "GET /assets/aa927304/css/font-awesome.min.css HTTP/1.1" 404 20771
115.72.77.179 - - [31/March/2017:10:11:08 +0800] "GET /assets/aa927304/css/font-awesome.min.css HTTP/1.1" 304 12700
192.168.71.13 - - [27/March/2017:22:11:28 +0800] "GET /assets/aa927304/css/font-awesome.min.css HTTP/1.1" 404 20771
10.115.134.59 - - [27/March/2017:22:11:28 +0800] "GET /assets/aa927304/css/font-awesome.min.css HTTP/1.1" 302 52421
115.72.77.179 - - [25/March/2017:19:11:28 +0800] "GET /assets/aa927304/css/font-awesome.min.css HTTP/1.1" 201 52421
192.168.71.13 - - [30/March/2017:22:11:28 +0800] "GET /assets/aa927304/css/font-awesome.min.css HTTP/1.1" 404 90001
115.72.77.179 - - [31/March/2017:10:11:08 +0800] "GET /assets/aa927304/css/font-awesome.min.css HTTP/1.1" 304 27466
115.72.77.179 - - [27/March/2017:22:11:28 +0800] "GET /assets/aa927304/css/font-awesome.min.css HTTP/1.1" 302 12700
115.58.214.31 - - [30/March/2017:22:11:28 +0800] "GET /assets/aa927304/css/font-awesome.min.css HTTP/1.1" 404 52421
115.72.77.179 - - [30/March/2017:22:11:28 +0800] "GET /assets/aa927304/css/font-awesome.min.css HTTP/1.1" 404 90001
10.115.134.59 - - [25/March/2017:19:11:28 +0800] "GET /assets/aa927304/css/font-awesome.min.css HTTP/1.1" 304 52421
10.115.134.59 - - [25/March/2017:19:11:28 +0800] "GET /assets/aa927304/css/font-awesome.min.css HTTP/1.1" 404 90001
115.58.214.31 - - [25/March/2017:19:11:28 +0800] "GET /assets/aa927304/css/font-awesome.min.css HTTP/1.1" 404 52421
115.72.77.179 - - [30/March/2017:22:11:28 +0800] "GET /assets/aa927304/css/font-awesome.min.css HTTP/1.1" 302 90001
172.17.119.24 - - [25/March/2017:19:11:28 +0800] "GET /assets/aa927304/css/font-awesome.min.css HTTP/1.1" 201 20771
172.17.119.24 - - [30/March/2017:22:11:28 +0800] "GET /assets/aa927304/css/font-awesome.min.css HTTP/1.1" 304 12700
192.168.71.13 - - [31/March/2017:10:11:08 +0800] "GET /assets/aa927304/css/font-awesome.min.css HTTP/1.1" 304 12700
115.58.214.31 - - [30/March/2017:22:11:28 +0800] "GET /assets/aa927304/css/font-awesome.min.css HTTP/1.1" 302 20771
172.17.119.24 - - [30/March/2017:22:11:28 +0800] "GET /assets/aa927304/css/font-awesome.min.css HTTP/1.1" 200 52421
115.58.214.31 - - [25/March/2017:19:11:28 +0800] "GET /assets/aa927304/css/font-awesome.min.css HTTP/1.1" 304 27466
10.115.134.59 - - [31/March/2017:10:11:08 +0800] "GET /assets/aa927304/css/font-awesome.min.css HTTP/1.1" 201 52421
115.58.214.31 - - [30/March/2017:22:11:28 +0800] "GET /assets/aa927304/css/font-awesome.min.css HTTP/1.1" 302 20771
192.168.71.13 - - [27/March/2017:22:11:28 +0800] "GET /assets/aa927304/css/font-awesome.min.css HTTP/1.1" 302 27466
10.115.134.59 - - [30/March/2017:22:11:28 +0800] "GET /assets/aa927304/css/font-awesome.min.css HTTP/1.1" 201 12700
115.72.77.179 - - [27/March/2017:22:11:28 +0800] "GET /assets/aa927304/css/font-awesome.min.css HTTP/1.1" 304 27466
192.168.71.13 - - [30/March/2017:22:11:28 +0800] "GET /assets/aa927304/css/font-awesome.min.css HTTP/1.1" 404 52421
10.115.134.59 - - [31/March/2017:10:11:08 +0800] "GET /assets/aa927304/css/font-awesome.min.css HTTP/1.1" 404 90001
192.168.71.13 - - [30/March/2017:22:11:28 +0800] "GET /assets/aa927304/css/font-awesome.min.css HTTP/1.1" 201 20771
192.168.71.13 - - [31/March/2017:10:11:08 +0800] "GET /assets/aa927304/css/font-awesome.min.css HTTP/1.1" 404 90001
115.58.214.31 - - [25/March/2017:19:11:28 +0800] "GET /assets/aa927304/css/font-awesome.min.css HTTP/1.1" 200 52421
192.168.71.13 - - [31/March/2017:10:11:08 +0800] "GET /assets/aa927304/css/font-awesome.min.css HTTP/1.1" 200 52421
192.168.71.13 - - [30/March/2017:22:11:28 +0800] "GET /assets/aa927304/css/font-awesome.min.css HTTP/1.1" 302 20771
115.72.77.179 - - [30/March/2017:22:11:28 +0800] "GET /assets/aa927304/css/font-awesome.min.css HTTP/1.1" 304 52421
115.72.77.179 - - [25/March/2017:19:11:28 +0800] "GET /assets/aa927304/css/font-awesome.min.css HTTP/1.1" 201 90001
115.72.77.179 - - [27/March/2017:22:11:28 +0800] "GET /assets/aa927304/css/font-awesome.min.css HTTP/1.1" 302 27466
172.17.119.24 - - [27/March/2017:22:11:28 +0800] "GET /assets/aa927304/css/font-awesome.min.css HTTP/1.1" 201 20771
115.72.77.179 - - [30/March/2017:22:11:28 +0800] "GET /assets/aa927304/css/font-awesome.min.css HTTP/1.1" 302 27466
10.115.134.59 - - [31/March/2017:10:11:08 +0800] "GET /assets/aa927304/css/font-awesome.min.css HTTP/1.1" 304 90001
172.17.119.24 - - [30/March/2017:22:11:28 +0800] "GET /assets/aa927304/css/font-awesome.min.css HTTP/1.1" 404 12700
192.168.71.13 - - [25/March/2017:19:11:28 +0800] "GET /assets/aa927304/css/font-awesome.min.css HTTP/1.1" 404 12700
192.168.71.13 - - [27/March/2017:22:11:28 +0800] "GET /assets/aa927304/css/font-awesome.min.css HTTP/1.1" 302 27466
172.17.119.24 - - [31/March/2017:10:11:08 +0800] "GET /assets/aa927304/css/font-awesome.min.css HTTP/1.1" 304 12700
192.168.71.13 - - [30/March/2017:22:11:28 +0800] "GET /assets/aa927304/css/font-awesome.min.css HTTP/1.1" 304 90001
115.58.214.31 - - [31/March/2017:10:11:08 +0800] "GET /assets/aa927304/css/font-awesome.min.css HTTP/1.1" 302 27466
172.17.119.24 - - [30/March/2017:22:11:28 +0800] "GET /assets/aa927304/css/font-awesome.min.css HTTP/1.1" 404 12700
192.168.71.13 - - [31/March/2017:10:11:08 +0800] "GET /assets/aa927304/css/font-awesome.min.css HTTP/1.1" 304 12700
172.17.119.24 - - [30/March/2017:22:11:28 +0800] "GET /assets/aa927304/css/font-awesome.min.css HTTP/1.1" 404 12700
172.17.119.24 - - [27/March/2017:22:11:28 +0800] "GET /assets/aa927304/css/font-awesome.min.css HTTP/1.1" 404 90001
115.58.214.31 - - [27/March/2017:22:11:28 +0800] "GET /assets/aa927304/css/font-awesome.min.css HTTP/1.1" 200 12700
115.72.77.179 - - [25/March/2017:19:11:28 +0800] "GET /assets/aa927304/css/font-awesome.min.css HTTP/1.1" 201 90001
10.115.134.59 - - [31/March/2017:10:11:08 +0800] "GET /assets/aa927304/css/font-awesome.min.css HTTP/1.1" 304 52421
172.17.119.24 - - [30/March/2017:22:11:28 +0800] "GET /assets/aa927304/css/font-awesome.min.css HTTP/1.1" 302 20771
115.58.214.31 - - [30/March/2017:22:11:28 +0800] "GET /assets/aa927304/css/font-awesome.min.css HTTP/1.1" 404 52421
115.72.77.179 - - [30/March/2017:22:11:28 +0800] "GET /assets/aa927304/css/font-awesome.min.css HTTP/1.1" 302 12700
172.17.119.24 - - [25/March/2017:19:11:28 +0800] "GET /assets/aa927304/css/font-awesome.min.css HTTP/1.1" 200 12700
115.58.214.31 - - [30/March/2017:22:11:28 +0800] "GET /assets/aa927304/css/font-awesome.min.css HTTP/1.1" 404 90001
172.17.119.24 - - [27/March/2017:22:11:28 +0800] "GET /assets/aa927304/css/font-awesome.min.css HTTP/1.1" 304 20771
115.58.214.31 - - [31/March/2017:10:11:08 +0800] "GET /assets/aa927304/css/font-awesome.min.css HTTP/1.1" 302 12700
115.72.77.179 - - [27/March/2017:22:11:28 +0800] "GET /assets/aa927304/css/font-awesome.min.css HTTP/1.1" 304 90001
172.17.119.24 - - [30/March/2017:22:11:28 +0800] "GET /assets/aa927304/css/font-awesome.min.css HTTP/1.1" 302 12700
115.58.214.31 - - [31/March/2017:10:11:08 +0800] "GET /assets/aa927304/css/font-awesome.min.css HTTP/1.1" 304 27466
115.58.214.31 - - [30/March/2017:22:11:28 +0800] "GET /assets/aa927304/css/font-awesome.min.css HTTP/1.1" 201 90001
10.115.134.59 - - [27/March/2017:22:11:28 +0800] "GET /assets/aa927304/css/font-awesome.min.css HTTP/1.1" 302 20771
192.168.71.13 - - [31/March/2017:10:11:08 +0800] "GET /assets/aa927304/css/font-awesome.min.css HTTP/1.1" 200 27466
10.115.134.59 - - [31/March/2017:10:11:08 +0800] "GET /assets/aa927304/css/font-awesome.min.css HTTP/1.1" 304 90001
192.168.71.13 - - [30/March/2017:22:11:28 +0800] "GET /assets/aa927304/css/font-awesome.min.css HTTP/1.1" 404 20771
172.17.119.24 - - [25/March/2017:19:11:28 +0800] "GET /assets/aa927304/css/font-awesome.min.css HTTP/1.1" 304 12700
115.58.214.31 - - [30/March/2017:22:11:28 +0800] "GET /assets/aa927304/css/font-awesome.min.css HTTP/1.1" 201 20771
192.168.71.13 - - [30/March/2017:22:11:28 +0800] "GET /assets/aa927304/css/font-awesome.min.css HTTP/1.1" 302 27466
10.115.134.59 - - [27/March/2017:22:11:28 +0800] "GET /assets/aa927304/css/font-awesome.min.css HTTP/1.1" 302 52421
192.168.71.13 - - [31/March/2017:10:11:08 +0800] "GET /assets/aa927304/css/font-awesome.min.css HTTP/1.1" 302 20771
172.17.119.24 - - [30/March/2017:22:11:28 +0800] "GET /assets/aa927304/css/font-awesome.min.css HTTP/1.1" 304 20771
115.58.214.31 - - [30/March/2017:22:11:28 +0800] "GET /assets/aa927304/css/font-awesome.min.css HTTP/1.1" 404 90001
10.115.134.59 - - [31/March/2017:10:11:08 +0800] "GET /assets/aa927304/css/font-awesome.min.css HTTP/1.1" 304 27466
192.168.71.13 - - [30/March/2017:22:11:28 +0800] "GET /assets/aa927304/css/font-awesome.min.css HTTP/1.1" 200 90001
10.115.134.59 - - [25/March/2017:19:11:28 +0800] "GET /assets/aa927304/css/font-awesome.min.css HTTP/1.1" 201 90001
10.115.134.59 - - [27/March/2017:22:11:28 +0800] "GET /assets/aa927304/css/font-awesome.min.css HTTP/1.1" 201 52421
115.58.214.31 - - [30/March/2017:22:11:28 +0800] "GET /assets/aa927304/css/font-awesome.min.css HTTP/1.1" 304 20771
10.115.134.59 - - [27/March/2017:22:11:28 +0800] "GET /assets/aa927304/css/font-awesome.min.css HTTP/1.1" 201 20771
115.72.77.179 - - [31/March/2017:10:11:08 +0800] "GET /assets/aa927304/css/font-awesome.min.css HTTP/1.1" 304 90001
115.58.214.31 - - [30/March/2017:22:11:28 +0800] "GET /assets/aa927304/css/font-awesome.min.css HTTP/1.1" 201 12700
115.72.77.179 - - [27/March/2017:22:11:28 +0800] "GET /assets/aa927304/css/font-awesome.min.css HTTP/1.1" 201 90001
115.72.77.179 - - [27/March/2017:22:11:28 +0800] "GET /assets/aa927304/css/font-awesome.min.css HTTP/1.1" 302 52421
10.115.134.59 - - [25/March/2017:19:11:28 +0800] "GET /assets/aa927304/css/font-awesome.min.css HTTP/1.1" 201 20771
172.17.119.24 - - [30/March/2017:22:11:28 +0800] "GET /assets/aa927304/css/font-awesome.min.css HTTP/1.1" 302 27466
172.17.119.24 - - [30/March/2017:22:11:28 +0800] "GET /assets/aa927304/css/font-awesome.min.css HTTP/1.1" 304 27466
115.58.214.31 - - [25/March/2017:19:11:28 +0800] "GET /assets/aa927304/css/font-awesome.min.css HTTP/1.1" 200 20771
115.72.77.179 - - [27/March/2017:22:11:28 +0800] "GET /assets/aa927304/css/font-awesome.min.css HTTP/1.1" 404 52421
172.17.119.24 - - [31/March/2017:10:11:08 +0800] "GET /assets/aa927304/css/font-awesome.min.css HTTP/1.1" 201 27466
10.115.134.59 - - [30/March/2017:22:11:28 +0800] "GET /assets/aa927304/css/font-awesome.min.css HTTP/1.1" 201 52421
115.58.214.31 - - [25/March/2017:19:11:28 +0800] "GET /assets/aa927304/css/font-awesome.min.css HTTP/1.1" 201 20771
10.115.134.59 - - [31/March/2017:10:11:08 +0800] "GET /assets/aa927304/css/font-awesome.min.css HTTP/1.1" 200 52421
115.72.77.179 - - [30/March/2017:22:11:28 +0800] "GET /assets/aa927304/css/font-awesome.min.css HTTP/1.1" 302 12700
115.58.214.31 - - [31/March/2017:10:11:08 +0800] "GET /assets/aa927304/css/font-awesome.min.css HTTP/1.1" 404 20771
10.115.134.59 - - [31/March/2017:10:11:08 +0800] "GET /assets/aa927304/css/font-awesome.min.css HTTP/1.1" 200 27466
115.72.77.179 - - [25/March/2017:19:11:28 +0800] "GET /assets/aa927304/css/font-awesome.min.css HTTP/1.1" 302 27466
172.17.119.24 - - [30/March/2017:22:11:28 +0800] "GET /assets/aa927304/css/font-awesome.min.css HTTP/1.1" 200 20771
172.17.119.24 - - [27/March/2017:22:11:28 +0800] "GET /assets/aa927304/css/font-awesome.min.css HTTP/1.1" 304 90001
192.168.71.13 - - [31/March/2017:10:11:08 +0800] "GET /assets/aa927304/css/font-awesome.min.css HTTP/1.1" 404 90001
192.168.71.13 - - [27/March/2017:22:11:28 +0800] "GET /assets/aa927304/css/font-awesome.min.css HTTP/1.1" 404 20771
172.17.119.24 - - [31/March/2017:10:11:08 +0800] "GET /assets/aa927304/css/font-awesome.min.css HTTP/1.1" 404 20771
172.17.119.24 - - [30/March/2017:22:11:28 +0800] "GET /assets/aa927304/css/font-awesome.min.css HTTP/1.1" 404 52421
172.17.119.24 - - [30/March/2017:22:11:28 +0800] "GET /assets/aa927304/css/font-awesome.min.css HTTP/1.1" 304 12700
10.115.134.59 - - [25/March/2017:19:11:28 +0800] "GET /assets/aa927304/css/font-awesome.min.css HTTP/1.1" 302 90001
10.115.134.59 - - [27/March/2017:22:11:28 +0800] "GET /assets/aa927304/css/font-awesome.min.css HTTP/1.1" 304 52421
172.17.119.24 - - [31/March/2017:10:11:08 +0800] "GET /assets/aa927304/css/font-awesome.min.css HTTP/1.1" 304 20771
10.115.134.59 - - [27/March/2017:22:11:28 +0800] "GET /assets/aa927304/css/font-awesome.min.css HTTP/1.1" 201 52421
115.58.214.31 - - [25/March/2017:19:11:28 +0800] "GET /assets/aa927304/css/font-awesome.min.css HTTP/1.1" 200 52421
192.168.71.13 - - [31/March/2017:10:11:08 +0800] "GET /assets/aa927304/css/font-awesome.min.css HTTP/1.1" 200 27466
192.168.71.13 - - [30/March/2017:22:11:28 +0800] "GET /assets/aa927304/css/font-awesome.min.css HTTP/1.1" 304 27466
172.17.119.24 - - [30/March/2017:22:11:28 +0800] "GET /assets/aa927304/css/font-awesome.min.css HTTP/1.1" 404 52421
115.72.77.179 - - [30/March/2017:22:11:28 +0800] "GET /assets/aa927304/css/font-awesome.min.css HTTP/1.1" 304 90001
172.17.119.24 - - [27/March/2017:22:11:28 +0800] "GET /assets/aa927304/css/font-awesome.min.css HTTP/1.1" 201 27466
115.72.77.179 - - [25/March/2017:19:11:28 +0800] "GET /assets/aa927304/css/font-awesome.min.css HTTP/1.1" 304 20771
192.168.71.13 - - [27/March/2017:22:11:28 +0800] "GET /assets/aa927304/css/font-awesome.min.css HTTP/1.1" 201 90001
115.58.214.31 - - [27/March/2017:22:11:28 +0800] "GET /assets/aa927304/css/font-awesome.min.css HTTP/1.1" 201 27466
115.58.214.31 - - [25/March/2017:19:11:28 +0800] "GET /assets/aa927304/css/font-awesome.min.css HTTP/1.1" 201 52421
192.168.71.13 - - [30/March/2017:22:11:28 +0800] "GET /assets/aa927304/css/font-awesome.min.css HTTP/1.1" 304 27466
115.58.214.31 - - [30/March/2017:22:11:28 +0800] "GET /assets/aa927304/css/font-awesome.min.css HTTP/1.1" 201 27466
115.72.77.179 - - [31/March/2017:10:11:08 +0800] "GET /assets/aa927304/css/font-awesome.min.css HTTP/1.1" 200 52421
192.168.71.13 - - [31/March/2017:10:11:08 +0800] "GET /assets/aa927304/css/font-awesome.min.css HTTP/1.1" 201 90001
192.168.71.13 - - [31/March/2017:10:11:08 +0800] "GET /assets/aa927304/css/font-awesome.min.css HTTP/1.1" 304 90001
192.168.71.13 - - [25/March/2017:19:11:28 +0800] "GET /assets/aa927304/css/font-awesome.min.css HTTP/1.1" 200 90001
172.17.119.24 - - [27/March/2017:22:11:28 +0800] "GET /assets/aa927304/css/font-awesome.min.css HTTP/1.1" 404 20771
115.58.214.31 - - [31/March/2017:10:11:08 +0800] "GET /assets/aa927304/css/font-awesome.min.css HTTP/1.1" 404 27466
115.72.77.179 - - [31/March/2017:10:11:08 +0800] "GET /assets/aa927304/css/font-awesome.min.css HTTP/1.1" 304 20771
10.115.134.59 - - [30/March/2017:22:11:28 +0800] "GET /assets/aa927304/css/font-awesome.min.css HTTP/1.1" 404 52421
10.115.134.59 - - [25/March/2017:19:11:28 +0800] "GET /assets/aa927304/css/font-awesome.min.css HTTP/1.1" 201 20771
10.115.134.59 - - [31/March/2017:10:11:08 +0800] "GET /assets/aa927304/css/font-awesome.min.css HTTP/1.1" 302 27466
192.168.71.13 - - [27/March/2017:22:11:28 +0800] "GET /assets/aa927304/css/font-awesome.min.css HTTP/1.1" 201 52421
172.17.119.24 - - [27/March/2017:22:11:28 +0800] "GET /assets/aa927304/css/font-awesome.min.css HTTP/1.1" 201 27466
115.72.77.179 - - [31/March/2017:10:11:08 +0800] "GET /assets/aa927304/css/font-awesome.min.css HTTP/1.1" 302 20771
115.72.77.179 - - [30/March/2017:22:11:28 +0800] "GET /assets/aa927304/css/font-awesome.min.css HTTP/1.1" 404 52421
10.115.134.59 - - [27/March/2017:22:11:28 +0800] "GET /assets/aa927304/css/font-awesome.min.css HTTP/1.1" 200 52421
172.17.119.24 - - [27/March/2017:22:11:28 +0800] "GET /assets/aa927304/css/font-awesome.min.css HTTP/1.1" 200 27466
172.17.119.24 - - [30/March/2017:22:11:28 +0800] "GET /assets/aa927304/css/font-awesome.min.css HTTP/1.1" 304 12700
115.58.214.31 - - [30/March/2017:22:11:28 +0800] "GET /assets/aa927304/css/font-awesome.min.css HTTP/1.1" 302 20771
115.72.77.179 - - [25/March/2017:19:11:28 +0800] "GET /assets/aa927304/css/font-awesome.min.css HTTP/1.1" 404 12700
115.58.214.31 - - [25/March/2017:19:11:28 +0800] "GET /assets/aa927304/css/font-awesome.min.css HTTP/1.1" 404 12700
115.58.214.31 - - [27/March/2017:22:11:28 +0800] "GET /assets/aa927304/css/font-awesome.min.css HTTP/1.1" 200 27466
172.17.119.24 - - [30/March/2017:22:11:28 +0800] "GET /assets/aa927304/css/font-awesome.min.css HTTP/1.1" 304 27466
172.17.119.24 - - [25/March/2017:19:11:28 +0800] "GET /assets/aa927304/css/font-awesome.min.css HTTP/1.1" 304 52421
10.115.134.59 - - [25/March/2017:19:11:28 +0800] "GET /assets/aa927304/css/font-awesome.min.css HTTP/1.1" 404 12700
10.115.134.59 - - [27/March/2017:22:11:28 +0800] "GET /assets/aa927304/css/font-awesome.min.css HTTP/1.1" 200 20771
192.168.71.13 - - [25/March/2017:19:11:28 +0800] "GET /assets/aa927304/css/font-awesome.min.css HTTP/1.1" 201 27466
115.58.214.31 - - [31/March/2017:10:11:08 +0800] "GET /assets/aa927304/css/font-awesome.min.css HTTP/1.1" 302 12700
172.17.119.24 - - [30/March/2017:22:11:28 +0800] "GET /assets/aa927304/css/font-awesome.min.css HTTP/1.1" 304 27466
115.72.77.179 - - [30/March/2017:22:11:28 +0800] "GET /assets/aa927304/css/font-awesome.min.css HTTP/1.1" 404 90001
192.168.71.13 - - [25/March/2017:19:11:28 +0800] "GET /assets/aa927304/css/font-awesome.min.css HTTP/1.1" 304 20771
115.58.214.31 - - [25/March/2017:19:11:28 +0800] "GET /assets/aa927304/css/font-awesome.min.css HTTP/1.1" 201 52421
172.17.119.24 - - [30/March/2017:22:11:28 +0800] "GET /assets/aa927304/css/font-awesome.min.css HTTP/1.1" 302 12700
115.72.77.179 - - [27/March/2017:22:11:28 +0800] "GET /assets/aa927304/css/font-awesome.min.css HTTP/1.1" 200 27466
192.168.71.13 - - [25/March/2017:19:11:28 +0800] "GET /assets/aa927304/css/font-awesome.min.css HTTP/1.1" 404 90001
172.17.119.24 - - [25/March/2017:19:11:28 +0800] "GET /assets/aa927304/css/font-awesome.min.css HTTP/1.1" 200 20771
10.115.134.59 - - [27/March/2017:22:11:28 +0800] "GET /assets/aa927304/css/font-awesome.min.css HTTP/1.1" 404 90001
10.115.134.59 - - [31/March/2017:10:11:08 +0800] "GET /assets/aa927304/css/font-awesome.min.css HTTP/1.1" 304 90001
115.58.214.31 - - [31/March/2017:10:11:08 +0800] "GET /assets/aa927304/css/font-awesome.min.css HTTP/1.1" 404 12700
172.17.119.24 - - [30/March/2017:22:11:28 +0800] "GET /assets/aa927304/css/font-awesome.min.css HTTP/1.1" 304 12700
172.17.119.24 - - [27/March/2017:22:11:28 +0800] "GET /assets/aa927304/css/font-awesome.min.css HTTP/1.1" 304 12700
192.168.71.13 - - [31/March/2017:10:11:08 +0800] "GET /assets/aa927304/css/font-awesome.min.css HTTP/1.1" 201 20771
115.72.77.179 - - [30/March/2017:22:11:28 +0800] "GET /assets/aa927304/css/font-awesome.min.css HTTP/1.1" 200 52421
10.115.134.59 - - [25/March/2017:19:11:28 +0800] "GET /assets/aa927304/css/font-awesome.min.css HTTP/1.1" 201 52421
10.115.134.59 - - [30/March/2017:22:11:28 +0800] "GET /assets/aa927304/css/font-awesome.min.css HTTP/1.1" 304 12700
192.168.71.13 - - [27/March/2017:22:11:28 +0800] "GET /assets/aa927304/css/font-awesome.min.css HTTP/1.1" 302 52421
192.168.71.13 - - [27/March/2017:22:11:28 +0800] "GET /assets/aa927304/css/font-awesome.min.css HTTP/1.1" 200 20771
192.168.71.13 - - [30/March/2017:22:11:28 +0800] "GET /assets/aa927304/css/font-awesome.min.css HTTP/1.1" 302 12700
10.115.134.59 - - [30/March/2017:22:11:28 +0800] "GET /assets/aa927304/css/font-awesome.min.css HTTP/1.1" 201 20771
